// Jest Snapshot v1, https://goo.gl/fbAQLP

exports[`new-block-stream tests in node environment fromPolling can track blocks 1`] = `
Object {
  "difficulty": "0",
  "extraData": "0x",
  "gasLimit": 6721975,
  "gasUsed": Any<Number>,
  "hash": Anything,
  "logsBloom": "0x00000000000000000000000000000000000000000000000000000000000000000000000000000000000000000000000000000000000000000000000000000000000000000000000000000000000000000000000000000000000000000000000000000000000000000000000000000000000000000000000000000000000000000000000000000000000000000000000000000000000000000000000000000000000000000000000000000000000000000000000000000000000000000000000000000000000000000000000000000000000000000000000000000000000000000000000000000000000000000000000000000000000000000000000000000000",
  "miner": "0x0000000000000000000000000000000000000000",
  "mixHash": "0x0000000000000000000000000000000000000000000000000000000000000000",
  "nonce": "0x0000000000000000",
  "number": Any<Number>,
  "parentHash": Anything,
  "receiptsRoot": Any<String>,
  "sha3Uncles": "0x1dcc4de8dec75d7aab85b567b6ccd41ad312451b948a7413f0a142fd40d49347",
  "size": 1000,
  "stateRoot": Anything,
  "timestamp": Anything,
  "totalDifficulty": "0",
  "transactions": Array [
    Object {
      "blockHash": Anything,
    },
  ],
  "transactionsRoot": Any<String>,
  "uncles": Array [],
}
`;

exports[`new-block-stream tests in node environment fromPolling can track blocks 2`] = `
Object {
  "difficulty": "0",
  "extraData": "0x",
  "gasLimit": 6721975,
  "gasUsed": Any<Number>,
  "hash": Anything,
  "logsBloom": "0x00000000000000000000000000000000000000000000000000000000000000000000000000000000000000000000000000000000000000000000000000000000000000000000000000000000000000000000000000000000000000000000000000000000000000000000000000000000000000000000000000000000000000000000000000000000000000000000000000000000000000000000000000000000000000000000000000000000000000000000000000000000000000000000000000000000000000000000000000000000000000000000000000000000000000000000000000000000000000000000000000000000000000000000000000000000",
  "miner": "0x0000000000000000000000000000000000000000",
  "mixHash": "0x0000000000000000000000000000000000000000000000000000000000000000",
  "nonce": "0x0000000000000000",
  "number": Any<Number>,
  "parentHash": Anything,
  "receiptsRoot": Any<String>,
  "sha3Uncles": "0x1dcc4de8dec75d7aab85b567b6ccd41ad312451b948a7413f0a142fd40d49347",
  "size": 1000,
  "stateRoot": Anything,
  "timestamp": Anything,
  "totalDifficulty": "0",
  "transactions": Array [
    Object {
      "blockHash": Anything,
    },
  ],
  "transactionsRoot": Any<String>,
  "uncles": Array [],
}
`;
